// Jest Snapshot v1, https://goo.gl/fbAQLP

exports[`AtomicBlockRenderer component should render an image block 1`] = `
<figure>
  <img
    alt=""
    src="http://www.example.com/foobar.jpg"
    title="Foobar"
    width="60%"
  />
</figure>
`;
